### [目录](https://github.com/Letitmiss/Linux-learning/blob/master/README.md)
### [上一节 8.2文件系统的简单操作](https://github.com/Letitmiss/Linux-learning/blob/master/blog/8.2disk_fileSystem.md)
------
# 磁盘的分割.格式化
[1. 磁盘分区 fdisk,partprobe ](#磁盘与目录的容量)   
[2. 磁盘格式化 mkfs,mke2fs](#磁盘格式化)    
[3. 磁盘检验 fsck,badblocks](#磁盘检验)   


----

## 磁盘与目录的容量
* 磁盘管理时,新增一块磁盘的动作如下:
1. 磁盘进行分割,建立可用的partition
2. 对partition进行格式化(format),建立系统可用的filesystem
3. 对刚刚建立好的filesystem进行检验
4. 在linux系统上,需要建立挂载点(挂载目录),将filesystem挂载上来
* 实际过程还要考虑分区槽parttion需要多大,是否加入Journal功能,inode与block的数量应该如何规划,这些实际问题根据主机的用途来考虑;

### 磁盘分区
* fdisk [-l] 装置名称
    * -l 后面接装置时输出改装置的所有的partition内容, 如果只是fdisk -l 时,则系统会把整个系统内能搜索到装置的partition均列出来
```bash
lfg1000708009:/ # df /            # 查看root挂载
Filesystem     1K-blocks     Used Available Use% Mounted on
/dev/vda2      138301480 31313612  99962564  24% /
lfg1000708009:/ # fdisk /dev/vda

Command (m for help): m        
Command action
   a   toggle a bootable flag
   b   edit bsd disklabel
   c   toggle the dos compatibility flag
   d   delete a partition           # 删除一个分区
   l   list known partition types   # 显示支持的分区类型
   m   print this menu
   n   add a new partition          # 增加一个分区
   o   create a new empty DOS partition table
   p   print the partition table     # 打印分区表
   q   quit without saving changes   # 不保存退出,就是操作不生效退出
   s   create a new empty Sun disklabel 
   t   change a partition's system id  # 修改分区类型
   u   change display/entry units
   v   verify the partition table
   w   write table to disk and exit    # 将刚刚的动作写入分割表
   x   extra functionality (experts only)

Command (m for help): p

Disk /dev/vda: 161.1 GB, 161061273600 bytes          # 磁盘文件名与容量
255 heads, 63 sectors/track, 19581 cylinders, total 314572800 sectors  #255个磁面(磁头),每个刺头管理63个扇区,19581个磁柱
Units = sectors of 1 * 512 = 512 bytes              # 一个扇区的大小
Sector size (logical/physical): 512 bytes / 512 bytes  # 每个扇区的大小
I/O size (minimum/optimal): 512 bytes / 512 bytes
Disk identifier: 0x0002407d  

   Device Boot      Start         End      Blocks   Id  System
/dev/vda1            2048    33560575    16779264   82  Linux swap / Solaris
/dev/vda2   *    33560576   314572799   140506112   83  Linux

Command (m for help): 
```
* 计算每个磁柱的大小 : 每个磁头管理63个扇区,各个扇区是512大小,一共有255给刺头,随意每个磁柱的大小为cylinder
  `63*512*255=8255280bytes` 计算磁盘大小 每个磁柱大小X磁柱数 即 `8255280*19581=161646637680Bytes`约161.1G
    一共有多少扇区:`63*19581*255=314568765`  与统计出来的数量不一样,大概差不多?
*　boot为 * 表示开机启动
*  Start为开始扇区  End为结束扇区, 查看资料很多系统这一列指的的开始磁柱和结束磁柱

### 删除磁盘分区槽
```bash
lfg1000708009:/ # fdisk /dev/vda
Command (m for help): p

Disk /dev/vda: 161.1 GB, 161061273600 bytes
255 heads, 63 sectors/track, 19581 cylinders, total 314572800 sectors
Units = sectors of 1 * 512 = 512 bytes
Sector size (logical/physical): 512 bytes / 512 bytes
I/O size (minimum/optimal): 512 bytes / 512 bytes
Disk identifier: 0x0002407d

   Device Boot      Start         End      Blocks   Id  System
/dev/vda1            2048    33560575    16779264   82  Linux swap / Solaris
/dev/vda2   *    33560576   314572799   140506112   83  Linux

Command (m for help): d
Partition number (1-4): 4
Warning: partition 4 has empty type

Command (m for help): d            # 删除vda1
Partition number (1-4): 1

Command (m for help): p        # 查看已经删除

Disk /dev/vda: 161.1 GB, 161061273600 bytes
255 heads, 63 sectors/track, 19581 cylinders, total 314572800 sectors
Units = sectors of 1 * 512 = 512 bytes
Sector size (logical/physical): 512 bytes / 512 bytes
I/O size (minimum/optimal): 512 bytes / 512 bytes
Disk identifier: 0x0002407d

   Device Boot      Start         End      Blocks   Id  System
/dev/vda2   *    33560576   314572799   140506112   83  Linux

Command (m for help): q          # 注意这里只是测试q退出

lfg1000708009:/ # 
```
### 新增磁盘分区槽
* 新增磁盘有好多中 primary,extended,logical的显示结果不一样
```bash
lfg1000708009:/ # fdisk /dev/sda  # 查看磁盘信息

Command (m for help): p

Disk /dev/sda: 161.1 GB, 161061273600 bytes
255 heads, 63 sectors/track, 19581 cylinders, total 314572800 sectors
Units = sectors of 1 * 512 = 512 bytes
Sector size (logical/physical): 512 bytes / 512 bytes
I/O size (minimum/optimal): 512 bytes / 512 bytes
Disk identifier: 0x0002407d

   Device Boot      Start         End      Blocks   Id  System
/dev/sda1            2048    33560575    16779264   82  Linux swap / Solaris
/dev/sda2   *    33560576   314572799   140506112   83  Linux

Command (m for help): d             # 删除磁盘分区2
Partition number (1-4): 2

Command (m for help): d         # 只剩一个磁盘分区默认选中删除
Selected partition 1

Command (m for help): n     # 新增一个主分区primary分割槽
Command action               #因为是全新磁盘所以会问是新增主分区还是扩展分区
   e   extended
   p   primary partition (1-4)
p                          # 输入p选择新增主分区
Partition number (1-4, default 1): 4                # 指定主分区号码为4
First sector (2048-314572799, default 2048):         # 默认分配的扇区是从2048开始 输入enter
Using default value 2048
Last sector, +sectors or +size{K,M,G} (2048-314572799, default 314572799): +512M       # 输入+XX[KMG]系统会自动计算扇区大小,也可以自己计算扇区号码来输入,推荐使用输入空间大小,系统分配

Command (m for help): p          # 打印磁盘信息

Disk /dev/sda: 161.1 GB, 161061273600 bytes
255 heads, 63 sectors/track, 19581 cylinders, total 314572800 sectors
Units = sectors of 1 * 512 = 512 bytes
Sector size (logical/physical): 512 bytes / 512 bytes
I/O size (minimum/optimal): 512 bytes / 512 bytes
Disk identifier: 0x0002407d

   Device Boot      Start         End      Blocks   Id  System            #只有磁盘分区4, 1~3分区是保留的
/dev/sda4            2048     1050623      524288    83  Linux

Command (m for help): n            # 新增扩展分区槽
Command action
   e   extended
   p   primary partition (1-4)
e                 # 输入e表示扩展分区
Partition number (1-4, default 1): 1           # 扩展分区号
First sector (1050624-314572799, default 1050624):            # 默认分区开始扇区 enter默认
Using default value 1050624
Last sector, +sectors or +size{K,M,G} (1050624-314572799, default 314572799):       # 默认扩展分区包含了所有的未分割空间enter
Using default value 314572799

Command (m for help): p                   #　查看分区，已经有一个主分区和一个扩展分区

Disk /dev/sda: 161.1 GB, 161061273600 bytes
255 heads, 63 sectors/track, 19581 cylinders, total 314572800 sectors
Units = sectors of 1 * 512 = 512 bytes
Sector size (logical/physical): 512 bytes / 512 bytes
I/O size (minimum/optimal): 512 bytes / 512 bytes
Disk identifier: 0x0002407d

   Device Boot      Start         End      Blocks   Id  System
/dev/sda1         1050624   314572799   156761088    5  Extended
/dev/sda4            2048     1050623      524288   83  Linux

Partition table entries are not in disk order

Command (m for help): n　　　　# 新增分区,如果已经有了扩展分区就会显示选择逻辑分区　
Command action
   l   logical (5 or over)
   p   primary partition (1-4)
p                             #如果要增加primary 试试看
Partition number (1-4, default 2): 2    # 选择2 提示没有可用的扇区
No free sectors available 

Command (m for help): n     # 新增2GB的逻辑分区
Command action
   l   logical (5 or over)
   p   primary partition (1-4)
l                         #　新增逻辑分区
First sector (1052672-314572799, default 1052672): 　　　　　　　# 默认起始扇区enter确定
Using default value 1052672
Last sector, +sectors or +size{K,M,G} (1052672-314572799, default 314572799): +2048M  # 指定逻辑分区的大小
Command (m for help): p          # 查看分区 多了一个5号的逻辑分区
Disk /dev/sda: 161.1 GB, 161061273600 bytes
255 heads, 63 sectors/track, 19581 cylinders, total 314572800 sectors
Units = sectors of 1 * 512 = 512 bytes
Sector size (logical/physical): 512 bytes / 512 bytes
I/O size (minimum/optimal): 512 bytes / 512 bytes
Disk identifier: 0x0002407d
   Device Boot      Start         End      Blocks   Id  System
/dev/sda1         1050624   314572799   156761088    5  Extended
/dev/sda4            2048     1050623      524288   83  Linux
/dev/sda5         1052672     5246975     2097152   83  Linux
Partition table entries are not in disk order
Command (m for help): q   #这里只是演示操作,切勿w否则系统会损坏;
lfg1000708009:/ # 
```
#### 实际新增分区
* 首先必须确定自己有剩余的磁柱,否则会分区失败
```bash
[root@localhost ~]#fdisk /dev/sda

WARNING: DOS-compatible mode is deprecated. It's strongly recommended to
         switch off the mode (command 'c') and change display units to
         sectors (command 'u').

Command (m for help): p

Disk /dev/sda: 21.5 GB, 21474836480 bytes
255 heads, 63 sectors/track, 2610 cylinders
Units = cylinders of 16065 * 512 = 8225280 bytes
Sector size (logical/physical): 512 bytes / 512 bytes
I/O size (minimum/optimal): 512 bytes / 512 bytes
Disk identifier: 0x0009a58f

   Device Boot      Start         End      Blocks   Id  System
/dev/sda1   *           1         383     3072000   83  Linux
Partition 1 does not end on cylinder boundary.
/dev/sda2             383        1020     5120000   83  Linux
Partition 2 does not end on cylinder boundary.
/dev/sda3            1020        1658     5120000   83  Linux
/dev/sda4            1658        2611     7658496    5  Extended
/dev/sda5            1658        1913     2048000   82  Linux swap / Solaris  # 最大辞职2610这里使用1913 

Command (m for help): n
First cylinder (1913-2611, default 1913):   [enter]默认开始磁柱是1913 
Using default value 1913
Last cylinder, +cylinders or +size{K,M,G} (1913-2611, default 2611): +2048M  #大小为2G

Command (m for help): p

Disk /dev/sda: 21.5 GB, 21474836480 bytes
255 heads, 63 sectors/track, 2610 cylinders
Units = cylinders of 16065 * 512 = 8225280 bytes
Sector size (logical/physical): 512 bytes / 512 bytes
I/O size (minimum/optimal): 512 bytes / 512 bytes
Disk identifier: 0x0009a58f

   Device Boot      Start         End      Blocks   Id  System
/dev/sda1   *           1         383     3072000   83  Linux
Partition 1 does not end on cylinder boundary.
/dev/sda2             383        1020     5120000   83  Linux
Partition 2 does not end on cylinder boundary.
/dev/sda3            1020        1658     5120000   83  Linux
/dev/sda4            1658        2611     7658496    5  Extended
/dev/sda5            1658        1913     2048000   82  Linux swap / Solaris
/dev/sda6            1913        2174     2099551+  83  Linux          # 新增2G磁盘分区

Command (m for help): w                      # 请不要随意操作有可能导致linux不能启动
The partition table has been altered!

Calling ioctl() to re-read partition table.

WARNING: Re-reading the partition table failed with error 16: 设备或资源忙.
The kernel still uses the old table. The new table will be used at
the next reboot or after you run partprobe(8) or kpartx(8)
Syncing disks
[root@localhost ~]# partprobe                # 刷新磁盘分区; 强制内核重新找分区表
Warning: WARNING: the kernel failed to re-read the partition table on /dev/sda (设备或资源忙).  As a result, it may not reflect all of your changes until after reboot.
[root@localhost ~]# fdisk /dev/sda 
Command (m for help): p     # 重新查看分区表 
......
   Device Boot      Start         End      Blocks   Id  System
/dev/sda1   *           1         383     3072000   83  Linux
Partition 1 does not end on cylinder boundary.
/dev/sda2             383        1020     5120000   83  Linux
Partition 2 does not end on cylinder boundary.
/dev/sda3            1020        1658     5120000   83  Linux
/dev/sda4            1658        2611     7658496    5  Extended
/dev/sda5            1658        1913     2048000   82  Linux swap / Solaris
/dev/sda6            1913        2174     2099551+  83  Linux    #新增分区存在

```
* 在实际分配磁盘的过程中, w使得磁盘的分配生效,系统会提示重启才会生效, 其实是因为核心无法重新取得分区表,才会要求我们重新启动reboot以更新核心的分区表信息, `partprobe` 指令可以强制让核心重新捕捉一次 分区表 partition table

* 在以root身份进行磁盘partition时,最好是在单人维护模式下,比较安全一些,如果在分盘的时候某个分区还在使用中,核心无法重载硬盘partition table,就是将这个分区给卸载,再重新fdisk一遍,重新写入partitioin table,就可以了

* 注意事项 : SATA硬盘支持到15号分区,IDE则支持到63号,  fdisk不支持2TB以上的磁盘分区

## 磁盘格式化
* 磁盘分区完毕之后就是格式化 make filesystem, mkfs
###  mkfs [ -t 文件系统格式 ] 装置文件名  
选项与参数
1. -t : 可以接文件系统格式如 ext2 ext3 ext4 等
```bash
[root@localhost ~]# mkfs -t ext4 /dev/sda6
mke2fs 1.41.12 (17-May-2010)
无法对 /dev/sda6 进行 stat 调用 --- 没有那个文件或目录

The device apparently does not exist; did you specify it correctly?
[root@localhost ~]# ls /dev/sda6             <==发现确实没有这个文件,可能是因为没有刷新数据之类的,我还是重新启动了
ls: 无法访问/dev/sda6: 没有那个文件或目录
[root@localhost ~]# mkfs -t ext4  /dev/sda6    <= 执行命令
mke2fs 1.41.12 (17-May-2010)
Filesystem label=                          <==>分区名称这里
OS type: Linux
Block size=4096 (log=2)		<== block的大小4k	
Fragment size=4096 (log=2)
Stride=0 blocks, Stripe width=0 blocks              
131376 inodes, 524887 blocks                       <== inode 与block数量
26244 blocks (5.00%) reserved for the super user
First data block=0
Maximum filesystem blocks=541065216
17 block groups
32768 blocks per group, 32768 fragments per group
7728 inodes per group
Superblock backups stored on blocks: 
	32768, 98304, 163840, 229376, 294912

Writing inode tables: done                            
Creating journal (16384 blocks): done           <== 有日志记录>
Writing superblocks and filesystem accounting information: done

This filesystem will be automatically checked every 25 mounts or
180 days, whichever comes first.  Use tune2fs -c or -i to override.
[root@localhost ~]# mkf [tab] [tab] <== 显示mkfs相关 上一步就是调用 mkfs.ext4 来执行的
mkfifo        mkfontscale   mkfs.cramfs   mkfs.ext3     mkfs.ext4dev  mkfs.vfat     
mkfontdir     mkfs          mkfs.ext2     mkfs.ext4     mkfs.msdos 
```
* 上一步格式化/dev/sda6没有给定任何参数,默认区块大小等都是根据默认设置来格式化的,指定格式化参数使用mke2fs 
###  mke2fs [-b block大小 ] [-i block大小] [-L 卷标 ] [-cj] 设备
1. -b 设定每个block的大小
2. -i 多少容量存储inode
3.  -c 检查磁盘错误
4. -L 设定卷标名称
* 这个命令繁琐不好记,有特殊需求时在看吧

## 磁盘检验
* filesystem check , fsck 文件系统检查
#### fsck [-t 文件系统 ] [-ACay] 装置名称
* -t 执行文件系统名称,不用-t时Linux会根据superblock去判断的额
* -A 依据/etc/fstab的内容,将需要的装置扫描一次
* -a 自动修复检查到偶问题的扇区不用一直y
* -C 在检查的过程中用直方图来显示目前的进度

ext2/ext3的额外功能 e2fsck  
-f 强制检查,fsck发现任何unclean的旗标,不会主动进入细部检查,-f就是强制细部检查
-D 针对文件系统下的目录进行优化

```bash
[root@localhost ~]# fsck  -c -f -t ext4 /dev/sda6  #加上-F会一项一项显示进度
fsck from util-linux-ng 2.17.2
e2fsck 1.41.12 (17-May-2010)
Checking for bad blocks (read-only test): done                                
/dev/sda6: Updating bad block inode.
Pass 1: Checking inodes, blocks, and sizes
Pass 2: Checking directory structure
Pass 3: Checking directory connectivity
Pass 4: Checking reference counts
Pass 5: Checking group summary information

/dev/sda6: ***** FILE SYSTEM WAS MODIFIED *****
/dev/sda6: 11/131376 files (0.0% non-contiguous), 25415/524887 blocks
```
* 通常只有root用户才有权限执行这个命令,否则正常情况下课程会损坏文件系统;
* 使用此指令都是系统发生重大问题时,注意执行fsck时,被检查的partition不能挂载到系统上,及需要在卸除状态检查
*  ext2/ext3文件系统的最顶层,挂载点的lost+found目录就是fsck检查的系统后的结果
### badblocks -[svw] 设备名称
* -s 在屏幕上显示进度
* -v 可以在屏幕上看到进度
* -w 使用写入的方式来测试, 建议不要使用此参数,尤其是待检查设备已经有文件时
 ```bash
[root@localhost ~]# badblocks -sv /dev/sda6
Checking blocks 0 to 2099550
Checking for bad blocks (read-only test): done                                
Pass completed, 0 bad blocks found.
 ```
